

================================================================
== Vitis HLS Report for 'cordiccart2pol'
================================================================
* Date:           Mon Oct 27 06:41:03 2025

* Version:        2025.1 (Build 6135595 on May 21 2025)
* Project:        cordiccart2pol.comp
* Solution:       hls (Vivado IP Flow Target)
* Product family: zynq
* Target device:  xc7z020-clg400-1


================================================================
== Performance Estimates
================================================================
+ Timing: 
    * Summary: 
    +--------+----------+----------+------------+
    |  Clock |  Target  | Estimated| Uncertainty|
    +--------+----------+----------+------------+
    |ap_clk  |  10.00 ns|  6.912 ns|     2.70 ns|
    +--------+----------+----------+------------+

+ Latency: 
    * Summary: 
    +---------+---------+-----------+----------+-----+-----+---------+
    |  Latency (cycles) |  Latency (absolute)  |  Interval | Pipeline|
    |   min   |   max   |    min    |    max   | min | max |   Type  |
    +---------+---------+-----------+----------+-----+-----+---------+
    |        1|       47|  10.000 ns|  0.470 us|    2|   48|       no|
    +---------+---------+-----------+----------+-----+-----+---------+

    + Detail: 
        * Instance: 
        +----------------------------------------------------+-----------------------------------------+---------+---------+----------+----------+-----+-----+------------------------------------------------+
        |                                                    |                                         |  Latency (cycles) |  Latency (absolute) |  Interval |                    Pipeline                    |
        |                      Instance                      |                  Module                 |   min   |   max   |    min   |    max   | min | max |                      Type                      |
        +----------------------------------------------------+-----------------------------------------+---------+---------+----------+----------+-----+-----+------------------------------------------------+
        |grp_cordiccart2pol_Pipeline_VITIS_LOOP_49_1_fu_109  |cordiccart2pol_Pipeline_VITIS_LOOP_49_1  |       43|       43|  0.430 us|  0.430 us|   42|   42|  loop auto-rewind stp (delay=0 clock cycles(s))|
        +----------------------------------------------------+-----------------------------------------+---------+---------+----------+----------+-----+-----+------------------------------------------------+

        * Loop: 
        N/A



================================================================
== Utilization Estimates
================================================================
* Summary: 
+-----------------+---------+-----+--------+-------+-----+
|       Name      | BRAM_18K| DSP |   FF   |  LUT  | URAM|
+-----------------+---------+-----+--------+-------+-----+
|DSP              |        -|    -|       -|      -|    -|
|Expression       |        -|    -|       0|    242|    -|
|FIFO             |        -|    -|       -|      -|    -|
|Instance         |        0|    4|     493|   1019|    -|
|Memory           |        -|    -|       -|      -|    -|
|Multiplexer      |        -|    -|       0|     67|    -|
|Register         |        -|    -|     180|      -|    -|
+-----------------+---------+-----+--------+-------+-----+
|Total            |        0|    4|     673|   1328|    0|
+-----------------+---------+-----+--------+-------+-----+
|Available        |      280|  220|  106400|  53200|    0|
+-----------------+---------+-----+--------+-------+-----+
|Utilization (%)  |        0|    1|      ~0|      2|    0|
+-----------------+---------+-----+--------+-------+-----+

+ Detail: 
    * Instance: 
    +----------------------------------------------------+-----------------------------------------+---------+----+-----+-----+-----+
    |                      Instance                      |                  Module                 | BRAM_18K| DSP|  FF | LUT | URAM|
    +----------------------------------------------------+-----------------------------------------+---------+----+-----+-----+-----+
    |grp_cordiccart2pol_Pipeline_VITIS_LOOP_49_1_fu_109  |cordiccart2pol_Pipeline_VITIS_LOOP_49_1  |        0|   0|  328|  969|    0|
    |mul_32s_29ns_60_2_1_U7                              |mul_32s_29ns_60_2_1                      |        0|   4|  165|   50|    0|
    +----------------------------------------------------+-----------------------------------------+---------+----+-----+-----+-----+
    |Total                                               |                                         |        0|   4|  493| 1019|    0|
    +----------------------------------------------------+-----------------------------------------+---------+----+-----+-----+-----+

    * DSP: 
    N/A

    * Memory: 
    N/A

    * FIFO: 
    N/A

    * Expression: 
    +-----------------------+----------+----+---+----+------------+------------+
    |     Variable Name     | Operation| DSP| FF| LUT| Bitwidth P0| Bitwidth P1|
    +-----------------------+----------+----+---+----+------------+------------+
    |x_5_fu_145_p2          |         -|   0|  0|  39|           1|          32|
    |y_5_fu_151_p2          |         -|   0|  0|  39|           1|          32|
    |icmp_ln32_fu_131_p2    |      icmp|   0|  0|  39|          32|           1|
    |or_ln32_fu_125_p2      |        or|   0|  0|  32|          32|          32|
    |select_ln42_fu_157_p3  |    select|   0|  0|  29|           1|          29|
    |x_6_fu_175_p3          |    select|   0|  0|  32|           1|          32|
    |y_6_fu_166_p3          |    select|   0|  0|  32|           1|          32|
    +-----------------------+----------+----+---+----+------------+------------+
    |Total                  |          |   0|  0| 242|          69|         190|
    +-----------------------+----------+----+---+----+------------+------------+

    * Multiplexer: 
    +--------------------------------------+----+-----------+-----+-----------+
    |                 Name                 | LUT| Input Size| Bits| Total Bits|
    +--------------------------------------+----+-----------+-----+-----------+
    |ap_NS_fsm                             |  31|          6|    1|          6|
    |ap_phi_mux_storemerge14_phi_fu_90_p4  |   9|          2|   32|         64|
    |ap_phi_mux_storemerge_phi_fu_102_p4   |   9|          2|   31|         62|
    |storemerge14_reg_86                   |   9|          2|   32|         64|
    |storemerge_reg_98                     |   9|          2|   31|         62|
    +--------------------------------------+----+-----------+-----+-----------+
    |Total                                 |  67|         14|  127|        258|
    +--------------------------------------+----+-----------+-----+-----------+

    * Register: 
    +-----------------------------------------------------------------+----+----+-----+-----------+
    |                               Name                              | FF | LUT| Bits| Const Bits|
    +-----------------------------------------------------------------+----+----+-----+-----------+
    |ap_CS_fsm                                                        |   5|   0|    5|          0|
    |grp_cordiccart2pol_Pipeline_VITIS_LOOP_49_1_fu_109_ap_start_reg  |   1|   0|    1|          0|
    |icmp_ln32_reg_223                                                |   1|   0|    1|          0|
    |select_ln42_reg_227                                              |  14|   0|   29|         15|
    |storemerge14_reg_86                                              |  32|   0|   32|          0|
    |storemerge_reg_98                                                |  31|   0|   31|          0|
    |trunc_ln1_reg_247                                                |  32|   0|   32|          0|
    |x_6_reg_237                                                      |  32|   0|   32|          0|
    |y_6_reg_232                                                      |  32|   0|   32|          0|
    +-----------------------------------------------------------------+----+----+-----+-----------+
    |Total                                                            | 180|   0|  195|         15|
    +-----------------------------------------------------------------+----+----+-----+-----------+



================================================================
== Interface
================================================================
* Summary: 
+--------------+-----+-----+------------+----------------+--------------+
|   RTL Ports  | Dir | Bits|  Protocol  |  Source Object |    C Type    |
+--------------+-----+-----+------------+----------------+--------------+
|ap_clk        |   in|    1|  ap_ctrl_hs|  cordiccart2pol|  return value|
|ap_rst        |   in|    1|  ap_ctrl_hs|  cordiccart2pol|  return value|
|ap_start      |   in|    1|  ap_ctrl_hs|  cordiccart2pol|  return value|
|ap_done       |  out|    1|  ap_ctrl_hs|  cordiccart2pol|  return value|
|ap_idle       |  out|    1|  ap_ctrl_hs|  cordiccart2pol|  return value|
|ap_ready      |  out|    1|  ap_ctrl_hs|  cordiccart2pol|  return value|
|x             |   in|   32|     ap_none|               x|        scalar|
|y             |   in|   32|     ap_none|               y|        scalar|
|r             |  out|   32|      ap_vld|               r|       pointer|
|r_ap_vld      |  out|    1|      ap_vld|               r|       pointer|
|theta         |  out|   32|      ap_vld|           theta|       pointer|
|theta_ap_vld  |  out|    1|      ap_vld|           theta|       pointer|
+--------------+-----+-----+------------+----------------+--------------+

